0 verbose cli C:\Program Files\nodejs\node.exe C:\Program Files\nodejs\node_modules\npm\bin\npm-cli.js
1 info using npm@11.8.0
2 info using node@v24.13.1
3 silly config load:file:C:\Program Files\nodejs\node_modules\npm\npmrc
4 silly config load:file:C:\Users\Imthi\Downloads\reach-ui-version\.npmrc
5 silly config load:file:C:\Users\Imthi\.npmrc
6 silly config load:file:C:\Users\Imthi\AppData\Roaming\npm\etc\npmrc
7 verbose title npm install
8 verbose argv "install" "--cache" ".npm-cache" "--no-audit" "--no-fund"
9 verbose logfile logs-max:10 dir:C:\Users\Imthi\Downloads\reach-ui-version\.npm-cache\_logs\2026-09-11T17_26_34_057Z-
10 verbose logfile C:\Users\Imthi\Downloads\reach-ui-version\.npm-cache\_logs\2026-09-11T17_26_34_057Z-debug-0.log
11 silly logfile done cleaning log files
12 silly packumentCache heap:4496293888 maxSize:1124073472 maxEntrySize:562036736
13 silly idealTree buildDeps
14 silly reify mark retired [
14 silly reify   'C:\\Users\\Imthi\\Downloads\\reach-ui-version\\node_modules\\@babel\\parser',
14 silly reify   'C:\\Users\\Imthi\\Downloads\\reach-ui-version\\node_modules\\.bin\\parser',
14 silly reify   'C:\\Users\\Imthi\\Downloads\\reach-ui-version\\node_modules\\.bin\\parser.cmd',
14 silly reify   'C:\\Users\\Imthi\\Downloads\\reach-ui-version\\node_modules\\.bin\\parser.ps1'
14 silly reify ]
15 silly reify mark retired [
15 silly reify   'C:\\Users\\Imthi\\Downloads\\reach-ui-version\\node_modules\\baseline-browser-mapping',
15 silly reify   'C:\\Users\\Imthi\\Downloads\\reach-ui-version\\node_modules\\.bin\\baseline-browser-mapping',
15 silly reify   'C:\\Users\\Imthi\\Downloads\\reach-ui-version\\node_modules\\.bin\\baseline-browser-mapping.cmd',
15 silly reify   'C:\\Users\\Imthi\\Downloads\\reach-ui-version\\node_modules\\.bin\\baseline-browser-mapping.ps1'
15 silly reify ]
16 silly reify mark retired [
16 silly reify   'C:\\Users\\Imthi\\Downloads\\reach-ui-version\\node_modules\\browserslist',
16 silly reify   'C:\\Users\\Imthi\\Downloads\\reach-ui-version\\node_modules\\.bin\\browserslist',
16 silly reify   'C:\\Users\\Imthi\\Downloads\\reach-ui-version\\node_modules\\.bin\\browserslist.cmd',
16 silly reify   'C:\\Users\\Imthi\\Downloads\\reach-ui-version\\node_modules\\.bin\\browserslist.ps1'
16 silly reify ]
17 silly reify mark retired [
17 silly reify   'C:\\Users\\Imthi\\Downloads\\reach-ui-version\\node_modules\\esbuild',
17 silly reify   'C:\\Users\\Imthi\\Downloads\\reach-ui-version\\node_modules\\.bin\\esbuild',
17 silly reify   'C:\\Users\\Imthi\\Downloads\\reach-ui-version\\node_modules\\.bin\\esbuild.cmd',
17 silly reify   'C:\\Users\\Imthi\\Downloads\\reach-ui-version\\node_modules\\.bin\\esbuild.ps1'
17 silly reify ]
18 silly reify mark retired [
18 silly reify   'C:\\Users\\Imthi\\Downloads\\reach-ui-version\\node_modules\\jiti',
18 silly reify   'C:\\Users\\Imthi\\Downloads\\reach-ui-version\\node_modules\\.bin\\jiti',
18 silly reify   'C:\\Users\\Imthi\\Downloads\\reach-ui-version\\node_modules\\.bin\\jiti.cmd',
18 silly reify   'C:\\Users\\Imthi\\Downloads\\reach-ui-version\\node_modules\\.bin\\jiti.ps1'
18 silly reify ]
19 silly reify mark retired [
19 silly reify   'C:\\Users\\Imthi\\Downloads\\reach-ui-version\\node_modules\\jsesc',
19 silly reify   'C:\\Users\\Imthi\\Downloads\\reach-ui-version\\node_modules\\.bin\\jsesc',
19 silly reify   'C:\\Users\\Imthi\\Downloads\\reach-ui-version\\node_modules\\.bin\\jsesc.cmd',
19 silly reify   'C:\\Users\\Imthi\\Downloads\\reach-ui-version\\node_modules\\.bin\\jsesc.ps1'
19 silly reify ]
20 silly reify mark retired [
20 silly reify   'C:\\Users\\Imthi\\Downloads\\reach-ui-version\\node_modules\\json5',
20 silly reify   'C:\\Users\\Imthi\\Downloads\\reach-ui-version\\node_modules\\.bin\\json5',
20 silly reify   'C:\\Users\\Imthi\\Downloads\\reach-ui-version\\node_modules\\.bin\\json5.cmd',
20 silly reify   'C:\\Users\\Imthi\\Downloads\\reach-ui-version\\node_modules\\.bin\\json5.ps1'
20 silly reify ]
21 silly reify mark retired [
21 silly reify   'C:\\Users\\Imthi\\Downloads\\reach-ui-version\\node_modules\\nanoid',
21 silly reify   'C:\\Users\\Imthi\\Downloads\\reach-ui-version\\node_modules\\.bin\\nanoid',
21 silly reify   'C:\\Users\\Imthi\\Downloads\\reach-ui-version\\node_modules\\.bin\\nanoid.cmd',
21 silly reify   'C:\\Users\\Imthi\\Downloads\\reach-ui-version\\node_modules\\.bin\\nanoid.ps1'
21 silly reify ]
22 silly reify mark retired [
22 silly reify   'C:\\Users\\Imthi\\Downloads\\reach-ui-version\\node_modules\\rollup',
22 silly reify   'C:\\Users\\Imthi\\Downloads\\reach-ui-version\\node_modules\\.bin\\rollup',
22 silly reify   'C:\\Users\\Imthi\\Downloads\\reach-ui-version\\node_modules\\.bin\\rollup.cmd',
22 silly reify   'C:\\Users\\Imthi\\Downloads\\reach-ui-version\\node_modules\\.bin\\rollup.ps1'
22 silly reify ]
23 silly reify mark retired [
23 silly reify   'C:\\Users\\Imthi\\Downloads\\reach-ui-version\\node_modules\\semver',
23 silly reify   'C:\\Users\\Imthi\\Downloads\\reach-ui-version\\node_modules\\.bin\\semver',
23 silly reify   'C:\\Users\\Imthi\\Downloads\\reach-ui-version\\node_modules\\.bin\\semver.cmd',
23 silly reify   'C:\\Users\\Imthi\\Downloads\\reach-ui-version\\node_modules\\.bin\\semver.ps1'
23 silly reify ]
24 silly reify mark retired [
24 silly reify   'C:\\Users\\Imthi\\Downloads\\reach-ui-version\\node_modules\\typescript',
24 silly reify   'C:\\Users\\Imthi\\Downloads\\reach-ui-version\\node_modules\\.bin\\tsc',
24 silly reify   'C:\\Users\\Imthi\\Downloads\\reach-ui-version\\node_modules\\.bin\\tsc.cmd',
24 silly reify   'C:\\Users\\Imthi\\Downloads\\reach-ui-version\\node_modules\\.bin\\tsc.ps1',
24 silly reify   'C:\\Users\\Imthi\\Downloads\\reach-ui-version\\node_modules\\.bin\\tsserver',
24 silly reify   'C:\\Users\\Imthi\\Downloads\\reach-ui-version\\node_modules\\.bin\\tsserver.cmd',
24 silly reify   'C:\\Users\\Imthi\\Downloads\\reach-ui-version\\node_modules\\.bin\\tsserver.ps1'
24 silly reify ]
25 silly reify mark retired [
25 silly reify   'C:\\Users\\Imthi\\Downloads\\reach-ui-version\\node_modules\\update-browserslist-db',
25 silly reify   'C:\\Users\\Imthi\\Downloads\\reach-ui-version\\node_modules\\.bin\\update-browserslist-db',
25 silly reify   'C:\\Users\\Imthi\\Downloads\\reach-ui-version\\node_modules\\.bin\\update-browserslist-db.cmd',
25 silly reify   'C:\\Users\\Imthi\\Downloads\\reach-ui-version\\node_modules\\.bin\\update-browserslist-db.ps1'
25 silly reify ]
26 silly reify mark retired [
26 silly reify   'C:\\Users\\Imthi\\Downloads\\reach-ui-version\\node_modules\\vite',
26 silly reify   'C:\\Users\\Imthi\\Downloads\\reach-ui-version\\node_modules\\.bin\\vite',
26 silly reify   'C:\\Users\\Imthi\\Downloads\\reach-ui-version\\node_modules\\.bin\\vite.cmd',
26 silly reify   'C:\\Users\\Imthi\\Downloads\\reach-ui-version\\node_modules\\.bin\\vite.ps1'
26 silly reify ]
27 silly reify moves {
27 silly reify   'C:\\Users\\Imthi\\Downloads\\reach-ui-version\\node_modules\\@babel\\parser': 'C:\\Users\\Imthi\\Downloads\\reach-ui-version\\node_modules\\@babel\\.parser-zGypPZaq',
27 silly reify   'C:\\Users\\Imthi\\Downloads\\reach-ui-version\\node_modules\\.bin\\parser': 'C:\\Users\\Imthi\\Downloads\\reach-ui-version\\node_modules\\.bin\\.parser-axIkD1Xt',
27 silly reify   'C:\\Users\\Imthi\\Downloads\\reach-ui-version\\node_modules\\.bin\\parser.cmd': 'C:\\Users\\Imthi\\Downloads\\reach-ui-version\\node_modules\\.bin\\.parser.cmd-pyJXVoVh',
27 silly reify   'C:\\Users\\Imthi\\Downloads\\reach-ui-version\\node_modules\\.bin\\parser.ps1': 'C:\\Users\\Imthi\\Downloads\\reach-ui-version\\node_modules\\.bin\\.parser.ps1-oXvB6jm8',
27 silly reify   'C:\\Users\\Imthi\\Downloads\\reach-ui-version\\node_modules\\baseline-browser-mapping': 'C:\\Users\\Imthi\\Downloads\\reach-ui-version\\node_modules\\.baseline-browser-mapping-dWH1vead',
27 silly reify   'C:\\Users\\Imthi\\Downloads\\reach-ui-version\\node_modules\\.bin\\baseline-browser-mapping': 'C:\\Users\\Imthi\\Downloads\\reach-ui-version\\node_modules\\.bin\\.baseline-browser-mapping-ixjXdkHa',
27 silly reify   'C:\\Users\\Imthi\\Downloads\\reach-ui-version\\node_modules\\.bin\\baseline-browser-mapping.cmd': 'C:\\Users\\Imthi\\Downloads\\reach-ui-version\\node_modules\\.bin\\.baseline-browser-mapping.cmd-qQz4nZRv',
27 silly reify   'C:\\Users\\Imthi\\Downloads\\reach-ui-version\\node_modules\\.bin\\baseline-browser-mapping.ps1': 'C:\\Users\\Imthi\\Downloads\\reach-ui-version\\node_modules\\.bin\\.baseline-browser-mapping.ps1-Iey8bvcd',
27 silly reify   'C:\\Users\\Imthi\\Downloads\\reach-ui-version\\node_modules\\browserslist': 'C:\\Users\\Imthi\\Downloads\\reach-ui-version\\node_modules\\.browserslist-5sOl9O92',
27 silly reify   'C:\\Users\\Imthi\\Downloads\\reach-ui-version\\node_modules\\.bin\\browserslist': 'C:\\Users\\Imthi\\Downloads\\reach-ui-version\\node_modules\\.bin\\.browserslist-5Gm2GcRf',
27 silly reify   'C:\\Users\\Imthi\\Downloads\\reach-ui-version\\node_modules\\.bin\\browserslist.cmd': 'C:\\Users\\Imthi\\Downloads\\reach-ui-version\\node_modules\\.bin\\.browserslist.cmd-qSka4hHr',
27 silly reify   'C:\\Users\\Imthi\\Downloads\\reach-ui-version\\node_modules\\.bin\\browserslist.ps1': 'C:\\Users\\Imthi\\Downloads\\reach-ui-version\\node_modules\\.bin\\.browserslist.ps1-VMpkquS1',
27 silly reify   'C:\\Users\\Imthi\\Downloads\\reach-ui-version\\node_modules\\esbuild': 'C:\\Users\\Imthi\\Downloads\\reach-ui-version\\node_modules\\.esbuild-od5c06J1',
27 silly reify   'C:\\Users\\Imthi\\Downloads\\reach-ui-version\\node_modules\\.bin\\esbuild': 'C:\\Users\\Imthi\\Downloads\\reach-ui-version\\node_modules\\.bin\\.esbuild-HYkPBfaI',
27 silly reify   'C:\\Users\\Imthi\\Downloads\\reach-ui-version\\node_modules\\.bin\\esbuild.cmd': 'C:\\Users\\Imthi\\Downloads\\reach-ui-version\\node_modules\\.bin\\.esbuild.cmd-3r8NXMra',
27 silly reify   'C:\\Users\\Imthi\\Downloads\\reach-ui-version\\node_modules\\.bin\\esbuild.ps1': 'C:\\Users\\Imthi\\Downloads\\reach-ui-version\\node_modules\\.bin\\.esbuild.ps1-acl3FUPN',
27 silly reify   'C:\\Users\\Imthi\\Downloads\\reach-ui-version\\node_modules\\jiti': 'C:\\Users\\Imthi\\Downloads\\reach-ui-version\\node_modules\\.jiti-V1X3WoBi',
27 silly reify   'C:\\Users\\Imthi\\Downloads\\reach-ui-version\\node_modules\\.bin\\jiti': 'C:\\Users\\Imthi\\Downloads\\reach-ui-version\\node_modules\\.bin\\.jiti-AMrMUyxm',
27 silly reify   'C:\\Users\\Imthi\\Downloads\\reach-ui-version\\node_modules\\.bin\\jiti.cmd': 'C:\\Users\\Imthi\\Downloads\\reach-ui-version\\node_modules\\.bin\\.jiti.cmd-GJy8xD1f',
27 silly reify   'C:\\Users\\Imthi\\Downloads\\reach-ui-version\\node_modules\\.bin\\jiti.ps1': 'C:\\Users\\Imthi\\Downloads\\reach-ui-version\\node_modules\\.bin\\.jiti.ps1-4UnwgV4Q',
27 silly reify   'C:\\Users\\Imthi\\Downloads\\reach-ui-version\\node_modules\\jsesc': 'C:\\Users\\Imthi\\Downloads\\reach-ui-version\\node_modules\\.jsesc-uM2anLCK',
27 silly reify   'C:\\Users\\Imthi\\Downloads\\reach-ui-version\\node_modules\\.bin\\jsesc': 'C:\\Users\\Imthi\\Downloads\\reach-ui-version\\node_modules\\.bin\\.jsesc-Oju4uZNp',
27 silly reify   'C:\\Users\\Imthi\\Downloads\\reach-ui-version\\node_modules\\.bin\\jsesc.cmd': 'C:\\Users\\Imthi\\Downloads\\reach-ui-version\\node_modules\\.bin\\.jsesc.cmd-3UEdAScg',
27 silly reify   'C:\\Users\\Imthi\\Downloads\\reach-ui-version\\node_modules\\.bin\\jsesc.ps1': 'C:\\Users\\Imthi\\Downloads\\reach-ui-version\\node_modules\\.bin\\.jsesc.ps1-XzjM51XD',
27 silly reify   'C:\\Users\\Imthi\\Downloads\\reach-ui-version\\node_modules\\json5': 'C:\\Users\\Imthi\\Downloads\\reach-ui-version\\node_modules\\.json5-aLtiD9gG',
27 silly reify   'C:\\Users\\Imthi\\Downloads\\reach-ui-version\\node_modules\\.bin\\json5': 'C:\\Users\\Imthi\\Downloads\\reach-ui-version\\node_modules\\.bin\\.json5-gIGvgxuM',
27 silly reify   'C:\\Users\\Imthi\\Downloads\\reach-ui-version\\node_modules\\.bin\\json5.cmd': 'C:\\Users\\Imthi\\Downloads\\reach-ui-version\\node_modules\\.bin\\.json5.cmd-Wq2dTh19',
27 silly reify   'C:\\Users\\Imthi\\Downloads\\reach-ui-version\\node_modules\\.bin\\json5.ps1': 'C:\\Users\\Imthi\\Downloads\\reach-ui-version\\node_modules\\.bin\\.json5.ps1-nUwLa5pc',
27 silly reify   'C:\\Users\\Imthi\\Downloads\\reach-ui-version\\node_modules\\nanoid': 'C:\\Users\\Imthi\\Downloads\\reach-ui-version\\node_modules\\.nanoid-zAlXvsmi',
27 silly reify   'C:\\Users\\Imthi\\Downloads\\reach-ui-version\\node_modules\\.bin\\nanoid': 'C:\\Users\\Imthi\\Downloads\\reach-ui-version\\node_modules\\.bin\\.nanoid-a49mPd3A',
27 silly reify   'C:\\Users\\Imthi\\Downloads\\reach-ui-version\\node_modules\\.bin\\nanoid.cmd': 'C:\\Users\\Imthi\\Downloads\\reach-ui-version\\node_modules\\.bin\\.nanoid.cmd-vVQP0Awy',
27 silly reify   'C:\\Users\\Imthi\\Downloads\\reach-ui-version\\node_modules\\.bin\\nanoid.ps1': 'C:\\Users\\Imthi\\Downloads\\reach-ui-version\\node_modules\\.bin\\.nanoid.ps1-0NVWoA2j',
27 silly reify   'C:\\Users\\Imthi\\Downloads\\reach-ui-version\\node_modules\\rollup': 'C:\\Users\\Imthi\\Downloads\\reach-ui-version\\node_modules\\.rollup-9OGumjyh',
27 silly reify   'C:\\Users\\Imthi\\Downloads\\reach-ui-version\\node_modules\\.bin\\rollup': 'C:\\Users\\Imthi\\Downloads\\reach-ui-version\\node_modules\\.bin\\.rollup-6fCCCALN',
27 silly reify   'C:\\Users\\Imthi\\Downloads\\reach-ui-version\\node_modules\\.bin\\rollup.cmd': 'C:\\Users\\Imthi\\Downloads\\reach-ui-version\\node_modules\\.bin\\.rollup.cmd-jzOiO3Kv',
27 silly reify   'C:\\Users\\Imthi\\Downloads\\reach-ui-version\\node_modules\\.bin\\rollup.ps1': 'C:\\Users\\Imthi\\Downloads\\reach-ui-version\\node_modules\\.bin\\.rollup.ps1-8Twta034',
27 silly reify   'C:\\Users\\Imthi\\Downloads\\reach-ui-version\\node_modules\\semver': 'C:\\Users\\Imthi\\Downloads\\reach-ui-version\\node_modules\\.semver-OvrWsw5y',
27 silly reify   'C:\\Users\\Imthi\\Downloads\\reach-ui-version\\node_modules\\.bin\\semver': 'C:\\Users\\Imthi\\Downloads\\reach-ui-version\\node_modules\\.bin\\.semver-HW73o1ox',
27 silly reify   'C:\\Users\\Imthi\\Downloads\\reach-ui-version\\node_modules\\.bin\\semver.cmd': 'C:\\Users\\Imthi\\Downloads\\reach-ui-version\\node_modules\\.bin\\.semver.cmd-hpR4Mhsg',
27 silly reify   'C:\\Users\\Imthi\\Downloads\\reach-ui-version\\node_modules\\.bin\\semver.ps1': 'C:\\Users\\Imthi\\Downloads\\reach-ui-version\\node_modules\\.bin\\.semver.ps1-yX2ilIvp',
27 silly reify   'C:\\Users\\Imthi\\Downloads\\reach-ui-version\\node_modules\\typescript': 'C:\\Users\\Imthi\\Downloads\\reach-ui-version\\node_modules\\.typescript-zLfoWU0s',
27 silly reify   'C:\\Users\\Imthi\\Downloads\\reach-ui-version\\node_modules\\.bin\\tsc': 'C:\\Users\\Imthi\\Downloads\\reach-ui-version\\node_modules\\.bin\\.tsc-TziuDwRv',
27 silly reify   'C:\\Users\\Imthi\\Downloads\\reach-ui-version\\node_modules\\.bin\\tsc.cmd': 'C:\\Users\\Imthi\\Downloads\\reach-ui-version\\node_modules\\.bin\\.tsc.cmd-5S7QsNgv',
27 silly reify   'C:\\Users\\Imthi\\Downloads\\reach-ui-version\\node_modules\\.bin\\tsc.ps1': 'C:\\Users\\Imthi\\Downloads\\reach-ui-version\\node_modules\\.bin\\.tsc.ps1-tkdfAFQ1',
27 silly reify   'C:\\Users\\Imthi\\Downloads\\reach-ui-version\\node_modules\\.bin\\tsserver': 'C:\\Users\\Imthi\\Downloads\\reach-ui-version\\node_modules\\.bin\\.tsserver-1NdrMQU6',
27 silly reify   'C:\\Users\\Imthi\\Downloads\\reach-ui-version\\node_modules\\.bin\\tsserver.cmd': 'C:\\Users\\Imthi\\Downloads\\reach-ui-version\\node_modules\\.bin\\.tsserver.cmd-nW6bEa7F',
27 silly reify   'C:\\Users\\Imthi\\Downloads\\reach-ui-version\\node_modules\\.bin\\tsserver.ps1': 'C:\\Users\\Imthi\\Downloads\\reach-ui-version\\node_modules\\.bin\\.tsserver.ps1-SY7GhB0d',
27 silly reify   'C:\\Users\\Imthi\\Downloads\\reach-ui-version\\node_modules\\update-browserslist-db': 'C:\\Users\\Imthi\\Downloads\\reach-ui-version\\node_modules\\.update-browserslist-db-eVoESz2w',
27 silly reify   'C:\\Users\\Imthi\\Downloads\\reach-ui-version\\node_modules\\.bin\\update-browserslist-db': 'C:\\Users\\Imthi\\Downloads\\reach-ui-version\\node_modules\\.bin\\.update-browserslist-db-TPyOzzvW',
27 silly reify   'C:\\Users\\Imthi\\Downloads\\reach-ui-version\\node_modules\\.bin\\update-browserslist-db.cmd': 'C:\\Users\\Imthi\\Downloads\\reach-ui-version\\node_modules\\.bin\\.update-browserslist-db.cmd-0iIhMZDr',
27 silly reify   'C:\\Users\\Imthi\\Downloads\\reach-ui-version\\node_modules\\.bin\\update-browserslist-db.ps1': 'C:\\Users\\Imthi\\Downloads\\reach-ui-version\\node_modules\\.bin\\.update-browserslist-db.ps1-eP7Qa0yh',
27 silly reify   'C:\\Users\\Imthi\\Downloads\\reach-ui-version\\node_modules\\vite': 'C:\\Users\\Imthi\\Downloads\\reach-ui-version\\node_modules\\.vite-dBngdXNW',
27 silly reify   'C:\\Users\\Imthi\\Downloads\\reach-ui-version\\node_modules\\.bin\\vite': 'C:\\Users\\Imthi\\Downloads\\reach-ui-version\\node_modules\\.bin\\.vite-7Bfaghd0',
27 silly reify   'C:\\Users\\Imthi\\Downloads\\reach-ui-version\\node_modules\\.bin\\vite.cmd': 'C:\\Users\\Imthi\\Downloads\\reach-ui-version\\node_modules\\.bin\\.vite.cmd-V6nq9XoD',
27 silly reify   'C:\\Users\\Imthi\\Downloads\\reach-ui-version\\node_modules\\.bin\\vite.ps1': 'C:\\Users\\Imthi\\Downloads\\reach-ui-version\\node_modules\\.bin\\.vite.ps1-yQ2WInRu'
27 silly reify }
28 http cache vite@https://registry.npmjs.org/vite/-/vite-7.3.2.tgz 1ms (cache hit)
29 http cache update-browserslist-db@https://registry.npmjs.org/update-browserslist-db/-/update-browserslist-db-1.3.3.tgz 0ms (cache hit)
30 http cache typescript@https://registry.npmjs.org/typescript/-/typescript-5.9.3.tgz 0ms (cache hit)
31 http cache nanoid@https://registry.npmjs.org/nanoid/-/nanoid-3.3.19.tgz 0ms (cache hit)
32 http cache rollup@https://registry.npmjs.org/rollup/-/rollup-4.63.1.tgz 0ms (cache hit)
33 http cache esbuild@https://registry.npmjs.org/esbuild/-/esbuild-0.27.7.tgz 0ms (cache hit)
34 http cache json5@https://registry.npmjs.org/json5/-/json5-2.2.3.tgz 0ms (cache hit)
35 http cache jiti@https://registry.npmjs.org/jiti/-/jiti-2.7.0.tgz 0ms (cache hit)
36 http cache semver@https://registry.npmjs.org/semver/-/semver-6.3.1.tgz 0ms (cache hit)
37 http cache browserslist@https://registry.npmjs.org/browserslist/-/browserslist-4.28.9.tgz 0ms (cache hit)
38 http cache baseline-browser-mapping@https://registry.npmjs.org/baseline-browser-mapping/-/baseline-browser-mapping-2.11.22.tgz 0ms (cache hit)
39 silly tarball no local data for vite@https://registry.npmjs.org/vite/-/vite-7.3.2.tgz. Extracting by manifest.
40 http cache jsesc@https://registry.npmjs.org/jsesc/-/jsesc-3.1.0.tgz 0ms (cache hit)
41 silly tarball no local data for update-browserslist-db@https://registry.npmjs.org/update-browserslist-db/-/update-browserslist-db-1.3.3.tgz. Extracting by manifest.
42 silly tarball no local data for typescript@https://registry.npmjs.org/typescript/-/typescript-5.9.3.tgz. Extracting by manifest.
43 silly tarball no local data for nanoid@https://registry.npmjs.org/nanoid/-/nanoid-3.3.19.tgz. Extracting by manifest.
44 http cache @babel/parser@https://registry.npmjs.org/@babel/parser/-/parser-7.29.8.tgz 0ms (cache hit)
45 silly tarball no local data for rollup@https://registry.npmjs.org/rollup/-/rollup-4.63.1.tgz. Extracting by manifest.
46 silly tarball no local data for esbuild@https://registry.npmjs.org/esbuild/-/esbuild-0.27.7.tgz. Extracting by manifest.
47 silly tarball no local data for json5@https://registry.npmjs.org/json5/-/json5-2.2.3.tgz. Extracting by manifest.
48 silly tarball no local data for jiti@https://registry.npmjs.org/jiti/-/jiti-2.7.0.tgz. Extracting by manifest.
49 silly tarball no local data for semver@https://registry.npmjs.org/semver/-/semver-6.3.1.tgz. Extracting by manifest.
50 silly tarball no local data for browserslist@https://registry.npmjs.org/browserslist/-/browserslist-4.28.9.tgz. Extracting by manifest.
51 silly tarball no local data for baseline-browser-mapping@https://registry.npmjs.org/baseline-browser-mapping/-/baseline-browser-mapping-2.11.22.tgz. Extracting by manifest.
52 silly tarball no local data for jsesc@https://registry.npmjs.org/jsesc/-/jsesc-3.1.0.tgz. Extracting by manifest.
53 silly tarball no local data for @babel/parser@https://registry.npmjs.org/@babel/parser/-/parser-7.29.8.tgz. Extracting by manifest.
54 http fetch GET 200 https://registry.npmjs.org/jsesc/-/jsesc-3.1.0.tgz 213ms (cache miss)
55 http fetch GET 200 https://registry.npmjs.org/semver/-/semver-6.3.1.tgz 226ms (cache miss)
56 http fetch GET 200 https://registry.npmjs.org/update-browserslist-db/-/update-browserslist-db-1.3.3.tgz 230ms (cache miss)
57 http fetch GET 200 https://registry.npmjs.org/browserslist/-/browserslist-4.28.9.tgz 250ms (cache miss)
58 http fetch GET 200 https://registry.npmjs.org/esbuild/-/esbuild-0.27.7.tgz 267ms (cache miss)
59 http fetch GET 200 https://registry.npmjs.org/baseline-browser-mapping/-/baseline-browser-mapping-2.11.22.tgz 288ms (cache miss)
60 http fetch GET 200 https://registry.npmjs.org/nanoid/-/nanoid-3.3.19.tgz 310ms (cache miss)
61 http fetch GET 200 https://registry.npmjs.org/json5/-/json5-2.2.3.tgz 338ms (cache miss)
62 http fetch GET 200 https://registry.npmjs.org/@babel/parser/-/parser-7.29.8.tgz 349ms (cache miss)
63 http fetch GET 200 https://registry.npmjs.org/jiti/-/jiti-2.7.0.tgz 385ms (cache miss)
64 http fetch GET 200 https://registry.npmjs.org/rollup/-/rollup-4.63.1.tgz 465ms (cache miss)
65 http fetch GET 200 https://registry.npmjs.org/vite/-/vite-7.3.2.tgz 508ms (cache miss)
66 http fetch GET 200 https://registry.npmjs.org/typescript/-/typescript-5.9.3.tgz 878ms (cache miss)
67 info run esbuild@0.27.7 postinstall node_modules/esbuild node install.js
68 info run esbuild@0.27.7 postinstall { code: 0, signal: null }
69 silly CHANGE node_modules/vite
70 silly CHANGE node_modules/update-browserslist-db
71 silly CHANGE node_modules/typescript
72 silly CHANGE node_modules/semver
73 silly CHANGE node_modules/rollup
74 silly CHANGE node_modules/nanoid
75 silly CHANGE node_modules/json5
76 silly CHANGE node_modules/jsesc
77 silly CHANGE node_modules/jiti
78 silly CHANGE node_modules/esbuild
79 silly CHANGE node_modules/browserslist
80 silly CHANGE node_modules/baseline-browser-mapping
81 silly CHANGE node_modules/@babel/parser
82 verbose cwd C:\Users\Imthi\Downloads\reach-ui-version
83 verbose os Windows_NT 10.0.26200
84 verbose node v24.13.1
85 verbose npm  v11.8.0
86 verbose exit 0
87 info ok
