0 verbose cli C:\Program Files\nodejs\node.exe C:\Program Files\nodejs\node_modules\npm\bin\npm-cli.js
1 info using npm@11.8.0
2 info using node@v24.13.1
3 silly config load:file:C:\Program Files\nodejs\node_modules\npm\npmrc
4 silly config load:file:C:\Users\Imthi\Downloads\reach-ui-version\node_modules\esbuild\lib\npm-install\.npmrc
5 silly config load:file:C:\Users\Imthi\.npmrc
6 silly config load:file:C:\Users\Imthi\AppData\Roaming\npm\etc\npmrc
7 verbose title npm install @esbuild/win32-x64@0.27.7
8 verbose argv "install" "--loglevel" "error" "--prefer-offline" "--no-audit" "--progress" "false" "@esbuild/win32-x64@0.27.7"
9 verbose logfile logs-max:10 dir:C:\Users\Imthi\Downloads\reach-ui-version\.npm-cache\_logs\2026-09-11T17_26_36_470Z-
10 verbose logfile C:\Users\Imthi\Downloads\reach-ui-version\.npm-cache\_logs\2026-09-11T17_26_36_470Z-debug-0.log
11 silly logfile done cleaning log files
12 silly packumentCache heap:4496293888 maxSize:1124073472 maxEntrySize:562036736
13 silly idealTree buildDeps
14 silly fetch manifest @esbuild/win32-x64@0.27.7
15 silly packumentCache full:https://registry.npmjs.org/@esbuild%2fwin32-x64 cache-miss
16 http fetch GET 200 https://registry.npmjs.org/@esbuild%2fwin32-x64 106ms (cache miss)
17 silly packumentCache full:https://registry.npmjs.org/@esbuild%2fwin32-x64 set size:undefined disposed:false
18 silly placeDep ROOT @esbuild/win32-x64@0.27.7 OK for:  want: 0.27.7
19 silly reify moves {}
20 http cache @esbuild/win32-x64@https://registry.npmjs.org/@esbuild/win32-x64/-/win32-x64-0.27.7.tgz 0ms (cache hit)
21 silly tarball no local data for @esbuild/win32-x64@https://registry.npmjs.org/@esbuild/win32-x64/-/win32-x64-0.27.7.tgz. Extracting by manifest.
22 http fetch GET 200 https://registry.npmjs.org/@esbuild/win32-x64/-/win32-x64-0.27.7.tgz 281ms (cache miss)
23 silly ADD node_modules/@esbuild/win32-x64
24 verbose cwd C:\Users\Imthi\Downloads\reach-ui-version\node_modules\esbuild\lib\npm-install
25 verbose os Windows_NT 10.0.26200
26 verbose node v24.13.1
27 verbose npm  v11.8.0
28 verbose exit 0
29 info ok
